2026-05-19 21:58:33 [main] [txId=] INFO  c.e.w.TrainerWorkloadApplication - Starting TrainerWorkloadApplication using Java 17.0.18 with PID 94587 (/Users/mariagevorgyan/Documents/Epam_Task1_Spring/trainer-workload-service/target/classes started by mariagevorgyan in /Users/mariagevorgyan/Documents/Epam_Task1_Spring/trainer-workload-service)
2026-05-19 21:58:33 [main] [txId=] DEBUG c.e.w.TrainerWorkloadApplication - Running with Spring Boot v3.2.0, Spring v6.1.1
2026-05-19 21:58:33 [main] [txId=] INFO  c.e.w.TrainerWorkloadApplication - No active profile set, falling back to 1 default profile: "default"
2026-05-19 21:58:33 [main] [txId=] INFO  o.s.cloud.context.scope.GenericScope - BeanFactory id=edcc1f8f-7b7e-3326-988c-f319dee77adb
2026-05-19 21:58:33 [main] [txId=] WARN  o.s.c.s.PostProcessorRegistrationDelegate$BeanPostProcessorChecker - Bean 'org.springframework.cloud.client.loadbalancer.LoadBalancerAutoConfiguration$LoadBalancerInterceptorConfig' of type [org.springframework.cloud.client.loadbalancer.LoadBalancerAutoConfiguration$LoadBalancerInterceptorConfig] is not eligible for getting processed by all BeanPostProcessors (for example: not eligible for auto-proxying). The currently created BeanPostProcessor [lbRestClientPostProcessor] is declared through a non-static factory method on that class; consider declaring it as static instead.
2026-05-19 21:58:33 [main] [txId=] WARN  o.s.c.s.PostProcessorRegistrationDelegate$BeanPostProcessorChecker - Bean 'org.springframework.cloud.loadbalancer.config.BlockingLoadBalancerClientAutoConfiguration' of type [org.springframework.cloud.loadbalancer.config.BlockingLoadBalancerClientAutoConfiguration] is not eligible for getting processed by all BeanPostProcessors (for example: not eligible for auto-proxying). Is this bean getting eagerly injected into a currently created BeanPostProcessor [lbRestClientPostProcessor]? Check the corresponding BeanPostProcessor declaration and its dependencies.
2026-05-19 21:58:33 [main] [txId=] WARN  o.s.c.s.PostProcessorRegistrationDelegate$BeanPostProcessorChecker - Bean 'org.springframework.cloud.loadbalancer.config.LoadBalancerAutoConfiguration' of type [org.springframework.cloud.loadbalancer.config.LoadBalancerAutoConfiguration] is not eligible for getting processed by all BeanPostProcessors (for example: not eligible for auto-proxying). Is this bean getting eagerly injected into a currently created BeanPostProcessor [lbRestClientPostProcessor]? Check the corresponding BeanPostProcessor declaration and its dependencies.
2026-05-19 21:58:33 [main] [txId=] WARN  o.s.c.s.PostProcessorRegistrationDelegate$BeanPostProcessorChecker - Bean 'org.springframework.cloud.commons.config.CommonsConfigAutoConfiguration' of type [org.springframework.cloud.commons.config.CommonsConfigAutoConfiguration] is not eligible for getting processed by all BeanPostProcessors (for example: not eligible for auto-proxying). Is this bean getting eagerly injected into a currently created BeanPostProcessor [lbRestClientPostProcessor]? Check the corresponding BeanPostProcessor declaration and its dependencies.
2026-05-19 21:58:33 [main] [txId=] WARN  o.s.c.s.PostProcessorRegistrationDelegate$BeanPostProcessorChecker - Bean 'org.springframework.cloud.client.loadbalancer.LoadBalancerDefaultMappingsProviderAutoConfiguration' of type [org.springframework.cloud.client.loadbalancer.LoadBalancerDefaultMappingsProviderAutoConfiguration] is not eligible for getting processed by all BeanPostProcessors (for example: not eligible for auto-proxying). Is this bean getting eagerly injected into a currently created BeanPostProcessor [lbRestClientPostProcessor]? Check the corresponding BeanPostProcessor declaration and its dependencies.
2026-05-19 21:58:33 [main] [txId=] WARN  o.s.c.s.PostProcessorRegistrationDelegate$BeanPostProcessorChecker - Bean 'loadBalancerClientsDefaultsMappingsProvider' of type [org.springframework.cloud.client.loadbalancer.LoadBalancerDefaultMappingsProviderAutoConfiguration$$Lambda$544/0x00000070013633d0] is not eligible for getting processed by all BeanPostProcessors (for example: not eligible for auto-proxying). Is this bean getting eagerly injected into a currently created BeanPostProcessor [lbRestClientPostProcessor]? Check the corresponding BeanPostProcessor declaration and its dependencies.
2026-05-19 21:58:33 [main] [txId=] WARN  o.s.c.s.PostProcessorRegistrationDelegate$BeanPostProcessorChecker - Bean 'defaultsBindHandlerAdvisor' of type [org.springframework.cloud.commons.config.DefaultsBindHandlerAdvisor] is not eligible for getting processed by all BeanPostProcessors (for example: not eligible for auto-proxying). Is this bean getting eagerly injected into a currently created BeanPostProcessor [lbRestClientPostProcessor]? Check the corresponding BeanPostProcessor declaration and its dependencies.
2026-05-19 21:58:33 [main] [txId=] WARN  o.s.c.s.PostProcessorRegistrationDelegate$BeanPostProcessorChecker - Bean 'spring.cloud.loadbalancer-org.springframework.cloud.client.loadbalancer.LoadBalancerClientsProperties' of type [org.springframework.cloud.client.loadbalancer.LoadBalancerClientsProperties] is not eligible for getting processed by all BeanPostProcessors (for example: not eligible for auto-proxying). Is this bean getting eagerly injected into a currently created BeanPostProcessor [lbRestClientPostProcessor]? Check the corresponding BeanPostProcessor declaration and its dependencies.
2026-05-19 21:58:33 [main] [txId=] WARN  o.s.c.s.PostProcessorRegistrationDelegate$BeanPostProcessorChecker - Bean 'default.org.springframework.cloud.loadbalancer.config.LoadBalancerAutoConfiguration.LoadBalancerClientSpecification' of type [org.springframework.cloud.loadbalancer.annotation.LoadBalancerClientSpecification] is not eligible for getting processed by all BeanPostProcessors (for example: not eligible for auto-proxying). Is this bean getting eagerly injected into a currently created BeanPostProcessor [lbRestClientPostProcessor]? Check the corresponding BeanPostProcessor declaration and its dependencies.
2026-05-19 21:58:33 [main] [txId=] WARN  o.s.c.s.PostProcessorRegistrationDelegate$BeanPostProcessorChecker - Bean 'default.org.springframework.cloud.loadbalancer.config.BlockingLoadBalancerClientAutoConfiguration.LoadBalancerClientSpecification' of type [org.springframework.cloud.loadbalancer.annotation.LoadBalancerClientSpecification] is not eligible for getting processed by all BeanPostProcessors (for example: not eligible for auto-proxying). Is this bean getting eagerly injected into a currently created BeanPostProcessor [lbRestClientPostProcessor]? Check the corresponding BeanPostProcessor declaration and its dependencies.
2026-05-19 21:58:33 [main] [txId=] WARN  o.s.c.s.PostProcessorRegistrationDelegate$BeanPostProcessorChecker - Bean 'default.org.springframework.cloud.netflix.eureka.loadbalancer.LoadBalancerEurekaAutoConfiguration.LoadBalancerClientSpecification' of type [org.springframework.cloud.loadbalancer.annotation.LoadBalancerClientSpecification] is not eligible for getting processed by all BeanPostProcessors (for example: not eligible for auto-proxying). Is this bean getting eagerly injected into a currently created BeanPostProcessor [lbRestClientPostProcessor]? Check the corresponding BeanPostProcessor declaration and its dependencies.
2026-05-19 21:58:33 [main] [txId=] WARN  o.s.c.s.PostProcessorRegistrationDelegate$BeanPostProcessorChecker - Bean 'loadBalancerClientFactory' of type [org.springframework.cloud.loadbalancer.support.LoadBalancerClientFactory] is not eligible for getting processed by all BeanPostProcessors (for example: not eligible for auto-proxying). Is this bean getting eagerly injected into a currently created BeanPostProcessor [lbRestClientPostProcessor]? Check the corresponding BeanPostProcessor declaration and its dependencies.
2026-05-19 21:58:33 [main] [txId=] WARN  o.s.c.s.PostProcessorRegistrationDelegate$BeanPostProcessorChecker - Bean 'blockingLoadBalancerClient' of type [org.springframework.cloud.loadbalancer.blocking.client.BlockingLoadBalancerClient] is not eligible for getting processed by all BeanPostProcessors (for example: not eligible for auto-proxying). Is this bean getting eagerly injected into a currently created BeanPostProcessor [lbRestClientPostProcessor]? Check the corresponding BeanPostProcessor declaration and its dependencies.
2026-05-19 21:58:33 [main] [txId=] WARN  o.s.c.s.PostProcessorRegistrationDelegate$BeanPostProcessorChecker - Bean 'loadBalancerServiceInstanceCookieTransformer' of type [org.springframework.cloud.loadbalancer.core.LoadBalancerServiceInstanceCookieTransformer] is not eligible for getting processed by all BeanPostProcessors (for example: not eligible for auto-proxying). Is this bean getting eagerly injected into a currently created BeanPostProcessor [lbRestClientPostProcessor]? Check the corresponding BeanPostProcessor declaration and its dependencies.
2026-05-19 21:58:33 [main] [txId=] WARN  o.s.c.s.PostProcessorRegistrationDelegate$BeanPostProcessorChecker - Bean 'xForwarderHeadersTransformer' of type [org.springframework.cloud.loadbalancer.blocking.XForwardedHeadersTransformer] is not eligible for getting processed by all BeanPostProcessors (for example: not eligible for auto-proxying). Is this bean getting eagerly injected into a currently created BeanPostProcessor [lbRestClientPostProcessor]? Check the corresponding BeanPostProcessor declaration and its dependencies.
2026-05-19 21:58:33 [main] [txId=] WARN  o.s.c.s.PostProcessorRegistrationDelegate$BeanPostProcessorChecker - Bean 'org.springframework.cloud.client.loadbalancer.LoadBalancerAutoConfiguration' of type [org.springframework.cloud.client.loadbalancer.LoadBalancerAutoConfiguration] is not eligible for getting processed by all BeanPostProcessors (for example: not eligible for auto-proxying). Is this bean getting eagerly injected into a currently created BeanPostProcessor [lbRestClientPostProcessor]? Check the corresponding BeanPostProcessor declaration and its dependencies.
2026-05-19 21:58:33 [main] [txId=] WARN  o.s.c.s.PostProcessorRegistrationDelegate$BeanPostProcessorChecker - Bean 'loadBalancerRequestFactory' of type [org.springframework.cloud.client.loadbalancer.LoadBalancerRequestFactory] is not eligible for getting processed by all BeanPostProcessors (for example: not eligible for auto-proxying). Is this bean getting eagerly injected into a currently created BeanPostProcessor [lbRestClientPostProcessor]? Check the corresponding BeanPostProcessor declaration and its dependencies.
2026-05-19 21:58:33 [main] [txId=] WARN  o.s.c.s.PostProcessorRegistrationDelegate$BeanPostProcessorChecker - Bean 'loadBalancerInterceptor' of type [org.springframework.cloud.client.loadbalancer.LoadBalancerInterceptor] is not eligible for getting processed by all BeanPostProcessors (for example: not eligible for auto-proxying). Is this bean getting eagerly injected into a currently created BeanPostProcessor [lbRestClientPostProcessor]? Check the corresponding BeanPostProcessor declaration and its dependencies.
2026-05-19 21:58:33 [main] [txId=] INFO  o.s.b.w.e.tomcat.TomcatWebServer - Tomcat initialized with port 8081 (http)
2026-05-19 21:58:33 [main] [txId=] INFO  o.a.coyote.http11.Http11NioProtocol - Initializing ProtocolHandler ["http-nio-8081"]
2026-05-19 21:58:33 [main] [txId=] INFO  o.a.catalina.core.StandardService - Starting service [Tomcat]
2026-05-19 21:58:33 [main] [txId=] INFO  o.a.catalina.core.StandardEngine - Starting Servlet engine: [Apache Tomcat/10.1.16]
2026-05-19 21:58:33 [main] [txId=] INFO  o.a.c.c.C.[Tomcat].[localhost].[/] - Initializing Spring embedded WebApplicationContext
2026-05-19 21:58:33 [main] [txId=] INFO  o.s.b.w.s.c.ServletWebServerApplicationContext - Root WebApplicationContext: initialization completed in 359 ms
2026-05-19 21:58:33 [main] [txId=] DEBUG c.e.w.l.TransactionLoggingFilter - Filter 'transactionLoggingFilter' configured for use
2026-05-19 21:58:33 [main] [txId=] DEBUG c.e.workload.security.JwtAuthFilter - Filter 'jwtAuthFilter' configured for use
2026-05-19 21:58:33 [main] [txId=] WARN  o.s.b.a.s.s.UserDetailsServiceAutoConfiguration - 

Using generated security password: 4e7a909e-0586-4311-ba75-8c524b3db1e4

This generated password is for development use only. Your security configuration must be updated before running your application in production.

2026-05-19 21:58:33 [main] [txId=] INFO  o.s.b.a.e.web.EndpointLinksResolver - Exposing 2 endpoint(s) beneath base path '/actuator'
2026-05-19 21:58:33 [main] [txId=] INFO  o.s.s.web.DefaultSecurityFilterChain - Will secure any request with [org.springframework.security.web.session.DisableEncodeUrlFilter@64c25a62, org.springframework.security.web.context.request.async.WebAsyncManagerIntegrationFilter@43e8f1c, org.springframework.security.web.context.SecurityContextHolderFilter@5b332439, org.springframework.security.web.header.HeaderWriterFilter@640c216b, org.springframework.web.filter.CorsFilter@66a82a13, org.springframework.security.web.authentication.logout.LogoutFilter@1753475d, com.epam.workload.security.JwtAuthFilter@57e5396b, org.springframework.security.web.savedrequest.RequestCacheAwareFilter@78479f2b, org.springframework.security.web.servletapi.SecurityContextHolderAwareRequestFilter@2755617b, org.springframework.security.web.authentication.AnonymousAuthenticationFilter@675ec28b, org.springframework.security.web.session.SessionManagementFilter@dc1fadd, org.springframework.security.web.access.ExceptionTranslationFilter@5d601832, org.springframework.security.web.access.intercept.AuthorizationFilter@4ef5dd23]
2026-05-19 21:58:33 [main] [txId=] INFO  o.s.c.n.e.c.DiscoveryClientOptionalArgsConfiguration - Eureka HTTP Client uses RestTemplate.
2026-05-19 21:58:33 [main] [txId=] WARN  o.s.c.l.c.LoadBalancerCacheAutoConfiguration$LoadBalancerCaffeineWarnLogger - Spring Cloud LoadBalancer is currently working with the default cache. While this cache implementation is useful for development and tests, it's recommended to use Caffeine cache in production.You can switch to using Caffeine cache, by adding it and org.springframework.cache.caffeine.CaffeineCacheManager to the classpath.
2026-05-19 21:58:33 [main] [txId=] INFO  o.s.c.n.eureka.InstanceInfoFactory - Setting initial instance status as: STARTING
2026-05-19 21:58:33 [main] [txId=] INFO  c.netflix.discovery.DiscoveryClient - Initializing Eureka in region us-east-1
2026-05-19 21:58:33 [main] [txId=] INFO  c.n.d.s.r.aws.ConfigClusterResolver - Resolving eureka endpoints via configuration
2026-05-19 21:58:33 [main] [txId=] INFO  c.netflix.discovery.DiscoveryClient - Disable delta property : false
2026-05-19 21:58:33 [main] [txId=] INFO  c.netflix.discovery.DiscoveryClient - Single vip registry refresh property : null
2026-05-19 21:58:33 [main] [txId=] INFO  c.netflix.discovery.DiscoveryClient - Force full registry fetch : false
2026-05-19 21:58:33 [main] [txId=] INFO  c.netflix.discovery.DiscoveryClient - Application is null : false
2026-05-19 21:58:33 [main] [txId=] INFO  c.netflix.discovery.DiscoveryClient - Registered Applications size is zero : true
2026-05-19 21:58:33 [main] [txId=] INFO  c.netflix.discovery.DiscoveryClient - Application version is -1: true
2026-05-19 21:58:33 [main] [txId=] INFO  c.netflix.discovery.DiscoveryClient - Getting all instance registry info from the eureka server
2026-05-19 21:58:33 [main] [txId=] INFO  c.netflix.discovery.DiscoveryClient - The response status is 200
2026-05-19 21:58:33 [main] [txId=] INFO  c.netflix.discovery.DiscoveryClient - Starting heartbeat executor: renew interval is: 30
2026-05-19 21:58:33 [main] [txId=] INFO  c.n.discovery.InstanceInfoReplicator - InstanceInfoReplicator onDemand update allowed rate per min is 4
2026-05-19 21:58:33 [main] [txId=] INFO  c.netflix.discovery.DiscoveryClient - Discovery Client initialized at timestamp 1779213513895 with initial instances count: 0
2026-05-19 21:58:33 [main] [txId=] INFO  o.s.c.n.e.s.EurekaServiceRegistry - Registering application TRAINER-WORKLOAD-SERVICE with eureka with status UP
2026-05-19 21:58:33 [main] [txId=] INFO  c.netflix.discovery.DiscoveryClient - Saw local status change event StatusChangeEvent [timestamp=1779213513896, current=UP, previous=STARTING]
2026-05-19 21:58:33 [DiscoveryClient-InstanceInfoReplicator-0] [txId=] INFO  c.netflix.discovery.DiscoveryClient - DiscoveryClient_TRAINER-WORKLOAD-SERVICE/192.168.15.146:trainer-workload-service:8081: registering service...
2026-05-19 21:58:33 [main] [txId=] INFO  o.a.coyote.http11.Http11NioProtocol - Starting ProtocolHandler ["http-nio-8081"]
2026-05-19 21:58:33 [main] [txId=] INFO  o.s.b.w.e.tomcat.TomcatWebServer - Tomcat started on port 8081 (http) with context path ''
2026-05-19 21:58:33 [main] [txId=] INFO  o.s.c.n.e.s.EurekaAutoServiceRegistration - Updating port to 8081
2026-05-19 21:58:33 [main] [txId=] INFO  c.e.w.TrainerWorkloadApplication - Started TrainerWorkloadApplication in 1.019 seconds (process running for 1.114)
2026-05-19 21:58:33 [DiscoveryClient-InstanceInfoReplicator-0] [txId=] INFO  c.netflix.discovery.DiscoveryClient - DiscoveryClient_TRAINER-WORKLOAD-SERVICE/192.168.15.146:trainer-workload-service:8081 - registration status: 204
2026-05-19 21:59:03 [DiscoveryClient-CacheRefreshExecutor-0] [txId=] INFO  c.netflix.discovery.DiscoveryClient - Disable delta property : false
2026-05-19 21:59:03 [DiscoveryClient-CacheRefreshExecutor-0] [txId=] INFO  c.netflix.discovery.DiscoveryClient - Single vip registry refresh property : null
2026-05-19 21:59:03 [DiscoveryClient-CacheRefreshExecutor-0] [txId=] INFO  c.netflix.discovery.DiscoveryClient - Force full registry fetch : false
2026-05-19 21:59:03 [DiscoveryClient-CacheRefreshExecutor-0] [txId=] INFO  c.netflix.discovery.DiscoveryClient - Application is null : false
2026-05-19 21:59:03 [DiscoveryClient-CacheRefreshExecutor-0] [txId=] INFO  c.netflix.discovery.DiscoveryClient - Registered Applications size is zero : true
2026-05-19 21:59:03 [DiscoveryClient-CacheRefreshExecutor-0] [txId=] INFO  c.netflix.discovery.DiscoveryClient - Application version is -1: false
2026-05-19 21:59:03 [DiscoveryClient-CacheRefreshExecutor-0] [txId=] INFO  c.netflix.discovery.DiscoveryClient - Getting all instance registry info from the eureka server
2026-05-19 21:59:03 [DiscoveryClient-CacheRefreshExecutor-0] [txId=] INFO  c.netflix.discovery.DiscoveryClient - The response status is 200
2026-05-19 22:03:33 [AsyncResolver-bootstrap-executor-0] [txId=] INFO  c.n.d.s.r.aws.ConfigClusterResolver - Resolving eureka endpoints via configuration
2026-05-19 22:06:47 [http-nio-8081-exec-1] [txId=] INFO  o.a.c.c.C.[Tomcat].[localhost].[/] - Initializing Spring DispatcherServlet 'dispatcherServlet'
2026-05-19 22:06:47 [http-nio-8081-exec-1] [txId=] INFO  o.s.web.servlet.DispatcherServlet - Initializing Servlet 'dispatcherServlet'
2026-05-19 22:06:47 [http-nio-8081-exec-1] [txId=] INFO  o.s.web.servlet.DispatcherServlet - Completed initialization in 1 ms
2026-05-19 22:06:47 [http-nio-8081-exec-1] [txId=] WARN  o.s.w.s.h.HandlerMappingIntrospector - Cache miss for REQUEST dispatch to '/actuator/info' (previous null). Performing CorsConfiguration lookup. This is logged once only at WARN level, and every time at TRACE.
2026-05-19 22:06:47 [http-nio-8081-exec-1] [txId=] WARN  o.s.w.s.h.HandlerMappingIntrospector - Cache miss for REQUEST dispatch to '/actuator/info' (previous null). Performing MatchableHandlerMapping lookup. This is logged once only at WARN level, and every time at TRACE.
2026-05-19 22:06:47 [http-nio-8081-exec-1] [txId=ab4765b4-fc3b-4ce8-82dd-1da6066f2499] INFO  c.e.w.l.TransactionLoggingFilter - [TRANSACTION] endpoint=/actuator/info method=GET transactionId=ab4765b4-fc3b-4ce8-82dd-1da6066f2499
2026-05-19 22:06:47 [http-nio-8081-exec-1] [txId=ab4765b4-fc3b-4ce8-82dd-1da6066f2499] INFO  c.e.w.l.TransactionLoggingFilter - [TRANSACTION] endpoint=/actuator/info status=200 transactionId=ab4765b4-fc3b-4ce8-82dd-1da6066f2499
2026-05-19 22:08:33 [AsyncResolver-bootstrap-executor-0] [txId=] INFO  c.n.d.s.r.aws.ConfigClusterResolver - Resolving eureka endpoints via configuration
2026-05-19 22:12:42 [http-nio-8081-exec-4] [txId=15e58bde-3cc6-433e-86ca-3a9b796a56ba] INFO  c.e.w.l.TransactionLoggingFilter - [TRANSACTION] endpoint=/api/trainer-workload method=POST transactionId=15e58bde-3cc6-433e-86ca-3a9b796a56ba
2026-05-19 22:12:42 [http-nio-8081-exec-4] [txId=15e58bde-3cc6-433e-86ca-3a9b796a56ba] INFO  c.e.w.c.TrainerWorkloadController - Updating workload for trainer 'jane.smith', action=ADD
2026-05-19 22:12:42 [http-nio-8081-exec-4] [txId=15e58bde-3cc6-433e-86ca-3a9b796a56ba] INFO  c.e.w.service.TrainerWorkloadService - Added 60 minutes for trainer 'jane.smith' in 2025/3
2026-05-19 22:12:42 [http-nio-8081-exec-4] [txId=15e58bde-3cc6-433e-86ca-3a9b796a56ba] INFO  c.e.w.c.TrainerWorkloadController - Workload updated successfully for trainer 'jane.smith', transactionId=15e58bde-3cc6-433e-86ca-3a9b796a56ba
2026-05-19 22:12:42 [http-nio-8081-exec-4] [txId=15e58bde-3cc6-433e-86ca-3a9b796a56ba] INFO  c.e.w.l.TransactionLoggingFilter - [TRANSACTION] endpoint=/api/trainer-workload status=200 transactionId=15e58bde-3cc6-433e-86ca-3a9b796a56ba
2026-05-19 22:13:02 [http-nio-8081-exec-8] [txId=db3df91a-5f3d-408a-a6b5-62a090e5c447] INFO  c.e.w.l.TransactionLoggingFilter - [TRANSACTION] endpoint=/api/trainer-workload method=POST transactionId=db3df91a-5f3d-408a-a6b5-62a090e5c447
2026-05-19 22:13:02 [http-nio-8081-exec-8] [txId=db3df91a-5f3d-408a-a6b5-62a090e5c447] INFO  c.e.w.c.TrainerWorkloadController - Updating workload for trainer 'jane.smith', action=ADD
2026-05-19 22:13:02 [http-nio-8081-exec-8] [txId=db3df91a-5f3d-408a-a6b5-62a090e5c447] INFO  c.e.w.service.TrainerWorkloadService - Added 90 minutes for trainer 'jane.smith' in 2025/3
2026-05-19 22:13:02 [http-nio-8081-exec-8] [txId=db3df91a-5f3d-408a-a6b5-62a090e5c447] INFO  c.e.w.c.TrainerWorkloadController - Workload updated successfully for trainer 'jane.smith', transactionId=db3df91a-5f3d-408a-a6b5-62a090e5c447
2026-05-19 22:13:02 [http-nio-8081-exec-8] [txId=db3df91a-5f3d-408a-a6b5-62a090e5c447] INFO  c.e.w.l.TransactionLoggingFilter - [TRANSACTION] endpoint=/api/trainer-workload status=200 transactionId=db3df91a-5f3d-408a-a6b5-62a090e5c447
2026-05-19 22:13:33 [AsyncResolver-bootstrap-executor-0] [txId=] INFO  c.n.d.s.r.aws.ConfigClusterResolver - Resolving eureka endpoints via configuration
2026-05-19 22:18:33 [AsyncResolver-bootstrap-executor-0] [txId=] INFO  c.n.d.s.r.aws.ConfigClusterResolver - Resolving eureka endpoints via configuration
2026-05-19 22:23:33 [AsyncResolver-bootstrap-executor-0] [txId=] INFO  c.n.d.s.r.aws.ConfigClusterResolver - Resolving eureka endpoints via configuration
2026-05-19 22:28:33 [AsyncResolver-bootstrap-executor-0] [txId=] INFO  c.n.d.s.r.aws.ConfigClusterResolver - Resolving eureka endpoints via configuration
2026-05-19 22:33:33 [AsyncResolver-bootstrap-executor-0] [txId=] INFO  c.n.d.s.r.aws.ConfigClusterResolver - Resolving eureka endpoints via configuration
2026-05-19 22:38:33 [AsyncResolver-bootstrap-executor-0] [txId=] INFO  c.n.d.s.r.aws.ConfigClusterResolver - Resolving eureka endpoints via configuration
2026-05-19 22:43:33 [AsyncResolver-bootstrap-executor-0] [txId=] INFO  c.n.d.s.r.aws.ConfigClusterResolver - Resolving eureka endpoints via configuration
2026-05-19 22:48:33 [AsyncResolver-bootstrap-executor-0] [txId=] INFO  c.n.d.s.r.aws.ConfigClusterResolver - Resolving eureka endpoints via configuration
2026-05-19 22:53:33 [AsyncResolver-bootstrap-executor-0] [txId=] INFO  c.n.d.s.r.aws.ConfigClusterResolver - Resolving eureka endpoints via configuration
2026-05-19 22:58:33 [AsyncResolver-bootstrap-executor-0] [txId=] INFO  c.n.d.s.r.aws.ConfigClusterResolver - Resolving eureka endpoints via configuration
2026-05-19 23:03:33 [AsyncResolver-bootstrap-executor-0] [txId=] INFO  c.n.d.s.r.aws.ConfigClusterResolver - Resolving eureka endpoints via configuration
2026-05-19 23:08:33 [AsyncResolver-bootstrap-executor-0] [txId=] INFO  c.n.d.s.r.aws.ConfigClusterResolver - Resolving eureka endpoints via configuration
2026-05-19 23:13:33 [AsyncResolver-bootstrap-executor-0] [txId=] INFO  c.n.d.s.r.aws.ConfigClusterResolver - Resolving eureka endpoints via configuration
2026-05-19 23:18:33 [AsyncResolver-bootstrap-executor-0] [txId=] INFO  c.n.d.s.r.aws.ConfigClusterResolver - Resolving eureka endpoints via configuration
2026-05-19 23:23:33 [AsyncResolver-bootstrap-executor-0] [txId=] INFO  c.n.d.s.r.aws.ConfigClusterResolver - Resolving eureka endpoints via configuration
2026-05-19 23:28:33 [AsyncResolver-bootstrap-executor-0] [txId=] INFO  c.n.d.s.r.aws.ConfigClusterResolver - Resolving eureka endpoints via configuration
2026-05-19 23:33:33 [AsyncResolver-bootstrap-executor-0] [txId=] INFO  c.n.d.s.r.aws.ConfigClusterResolver - Resolving eureka endpoints via configuration
2026-05-19 23:38:33 [AsyncResolver-bootstrap-executor-0] [txId=] INFO  c.n.d.s.r.aws.ConfigClusterResolver - Resolving eureka endpoints via configuration
2026-05-19 23:43:33 [AsyncResolver-bootstrap-executor-0] [txId=] INFO  c.n.d.s.r.aws.ConfigClusterResolver - Resolving eureka endpoints via configuration
2026-05-19 23:48:33 [AsyncResolver-bootstrap-executor-0] [txId=] INFO  c.n.d.s.r.aws.ConfigClusterResolver - Resolving eureka endpoints via configuration
2026-05-19 23:53:33 [AsyncResolver-bootstrap-executor-0] [txId=] INFO  c.n.d.s.r.aws.ConfigClusterResolver - Resolving eureka endpoints via configuration
2026-05-19 23:58:33 [AsyncResolver-bootstrap-executor-0] [txId=] INFO  c.n.d.s.r.aws.ConfigClusterResolver - Resolving eureka endpoints via configuration
